info JS server already running.
info Building the app...
> Task :gradle-plugin:compileKotlin UP-TO-DATE
> Task :gradle-plugin:compileJava NO-SOURCE
> Task :gradle-plugin:pluginDescriptors UP-TO-DATE
> Task :gradle-plugin:processResources UP-TO-DATE
> Task :gradle-plugin:classes UP-TO-DATE
> Task :gradle-plugin:jar UP-TO-DATE
> Task :gradle-plugin:inspectClassesForKotlinIC UP-TO-DATE
> Task :app:buildCodegenCLI SKIPPED
> Task :app:generateCodegenSchemaFromJavaScript SKIPPED
> Task :app:generateCodegenArtifactsFromSchema SKIPPED
> Task :app:generatePackageList
> Task :app:preBuild
> Task :app:preReleaseBuild
> Task :react-native-async-storage_async-storage:preBuild UP-TO-DATE
> Task :react-native-async-storage_async-storage:preReleaseBuild UP-TO-DATE
> Task :react-native-async-storage_async-storage:packageReleaseRenderscript NO-SOURCE
> Task :react-native-image-picker:preBuild UP-TO-DATE
> Task :react-native-image-picker:preReleaseBuild UP-TO-DATE
> Task :react-native-image-picker:packageReleaseRenderscript NO-SOURCE
> Task :react-native-pager-view:preBuild UP-TO-DATE
> Task :react-native-pager-view:preReleaseBuild UP-TO-DATE
> Task :react-native-pager-view:packageReleaseRenderscript NO-SOURCE
> Task :react-native-safe-area-context:preBuild UP-TO-DATE
> Task :react-native-safe-area-context:preReleaseBuild UP-TO-DATE
> Task :react-native-safe-area-context:packageReleaseRenderscript NO-SOURCE
> Task :react-native-screens:preBuild UP-TO-DATE
> Task :react-native-screens:preReleaseBuild UP-TO-DATE
> Task :react-native-screens:packageReleaseRenderscript NO-SOURCE
> Task :react-native-splash-screen:preBuild UP-TO-DATE
> Task :react-native-splash-screen:preReleaseBuild UP-TO-DATE
> Task :react-native-splash-screen:packageReleaseRenderscript NO-SOURCE
> Task :react-native-video:preBuild UP-TO-DATE
> Task :react-native-video:preReleaseBuild UP-TO-DATE
> Task :react-native-video:packageReleaseRenderscript NO-SOURCE
> Task :app:compileReleaseRenderscript NO-SOURCE
> Task :app:createBundleReleaseJsAndAssets UP-TO-DATE
> Task :app:generateReleaseResValues UP-TO-DATE
> Task :react-native-async-storage_async-storage:compileReleaseRenderscript NO-SOURCE
> Task :react-native-async-storage_async-storage:generateReleaseResValues UP-TO-DATE
> Task :react-native-async-storage_async-storage:generateReleaseResources UP-TO-DATE
> Task :react-native-async-storage_async-storage:packageReleaseResources UP-TO-DATE
> Task :react-native-image-picker:compileReleaseRenderscript NO-SOURCE
> Task :react-native-image-picker:generateReleaseResValues UP-TO-DATE
> Task :react-native-image-picker:generateReleaseResources UP-TO-DATE
> Task :react-native-image-picker:packageReleaseResources UP-TO-DATE
> Task :react-native-pager-view:compileReleaseRenderscript NO-SOURCE
> Task :react-native-pager-view:generateReleaseResValues UP-TO-DATE
> Task :react-native-pager-view:generateReleaseResources UP-TO-DATE
> Task :react-native-pager-view:packageReleaseResources UP-TO-DATE
> Task :react-native-safe-area-context:compileReleaseRenderscript NO-SOURCE
> Task :react-native-safe-area-context:generateReleaseResValues UP-TO-DATE
> Task :react-native-safe-area-context:generateReleaseResources UP-TO-DATE
> Task :react-native-safe-area-context:packageReleaseResources UP-TO-DATE
> Task :react-native-screens:compileReleaseRenderscript NO-SOURCE
> Task :react-native-screens:generateReleaseResValues UP-TO-DATE
> Task :react-native-screens:generateReleaseResources UP-TO-DATE
> Task :react-native-screens:packageReleaseResources UP-TO-DATE
> Task :react-native-splash-screen:compileReleaseRenderscript NO-SOURCE
> Task :react-native-splash-screen:generateReleaseResValues UP-TO-DATE
> Task :react-native-splash-screen:generateReleaseResources UP-TO-DATE
> Task :react-native-splash-screen:packageReleaseResources UP-TO-DATE
> Task :react-native-video:compileReleaseRenderscript NO-SOURCE
> Task :react-native-video:generateReleaseResValues UP-TO-DATE
> Task :react-native-video:generateReleaseResources UP-TO-DATE
> Task :react-native-video:packageReleaseResources UP-TO-DATE
> Task :app:mapReleaseSourceSetPaths UP-TO-DATE
> Task :app:generateReleaseResources UP-TO-DATE
> Task :app:mergeReleaseResources UP-TO-DATE
> Task :app:createReleaseCompatibleScreenManifests UP-TO-DATE
> Task :app:extractDeepLinksRelease UP-TO-DATE
> Task :react-native-async-storage_async-storage:extractDeepLinksRelease UP-TO-DATE
> Task :react-native-async-storage_async-storage:processReleaseManifest UP-TO-DATE
> Task :react-native-image-picker:extractDeepLinksRelease UP-TO-DATE
> Task :react-native-image-picker:processReleaseManifest UP-TO-DATE
> Task :react-native-pager-view:extractDeepLinksRelease UP-TO-DATE
> Task :react-native-pager-view:processReleaseManifest UP-TO-DATE
> Task :react-native-safe-area-context:extractDeepLinksRelease UP-TO-DATE
> Task :react-native-safe-area-context:processReleaseManifest UP-TO-DATE
> Task :react-native-screens:extractDeepLinksRelease UP-TO-DATE
> Task :react-native-screens:processReleaseManifest UP-TO-DATE
> Task :react-native-splash-screen:extractDeepLinksRelease UP-TO-DATE
> Task :react-native-splash-screen:processReleaseManifest UP-TO-DATE
> Task :react-native-video:extractDeepLinksRelease UP-TO-DATE
> Task :react-native-video:processReleaseManifest UP-TO-DATE
> Task :app:processReleaseMainManifest UP-TO-DATE
> Task :app:processReleaseManifest UP-TO-DATE
> Task :app:processApplicationManifestReleaseForBundle UP-TO-DATE
> Task :react-native-async-storage_async-storage:compileReleaseLibraryResources UP-TO-DATE
> Task :react-native-image-picker:compileReleaseLibraryResources UP-TO-DATE
> Task :react-native-pager-view:compileReleaseLibraryResources UP-TO-DATE
> Task :react-native-safe-area-context:compileReleaseLibraryResources UP-TO-DATE
> Task :react-native-screens:compileReleaseLibraryResources UP-TO-DATE
> Task :react-native-splash-screen:compileReleaseLibraryResources UP-TO-DATE
> Task :react-native-video:compileReleaseLibraryResources UP-TO-DATE
> Task :app:bundleReleaseResources UP-TO-DATE
> Task :react-native-splash-screen:compileReleaseAidl NO-SOURCE
> Task :react-native-splash-screen:generateReleaseBuildConfig UP-TO-DATE
> Task :react-native-splash-screen:parseReleaseLocalResources UP-TO-DATE
> Task :react-native-splash-screen:generateReleaseRFile UP-TO-DATE
> Task :react-native-splash-screen:javaPreCompileRelease UP-TO-DATE
> Task :react-native-splash-screen:compileReleaseJavaWithJavac UP-TO-DATE
> Task :react-native-splash-screen:bundleLibRuntimeToJarRelease UP-TO-DATE
> Task :react-native-async-storage_async-storage:compileReleaseAidl NO-SOURCE
> Task :react-native-async-storage_async-storage:generateReleaseBuildConfig UP-TO-DATE
> Task :react-native-async-storage_async-storage:parseReleaseLocalResources UP-TO-DATE
> Task :react-native-async-storage_async-storage:generateReleaseRFile UP-TO-DATE
> Task :react-native-async-storage_async-storage:javaPreCompileRelease UP-TO-DATE
> Task :react-native-async-storage_async-storage:compileReleaseJavaWithJavac UP-TO-DATE
> Task :react-native-async-storage_async-storage:bundleLibRuntimeToJarRelease UP-TO-DATE
> Task :react-native-image-picker:compileReleaseAidl NO-SOURCE
> Task :react-native-image-picker:generateReleaseBuildConfig UP-TO-DATE
> Task :react-native-image-picker:parseReleaseLocalResources UP-TO-DATE
> Task :react-native-image-picker:generateReleaseRFile UP-TO-DATE
> Task :react-native-image-picker:javaPreCompileRelease UP-TO-DATE
> Task :react-native-image-picker:compileReleaseJavaWithJavac UP-TO-DATE
> Task :react-native-image-picker:bundleLibRuntimeToJarRelease UP-TO-DATE
> Task :react-native-pager-view:compileReleaseAidl NO-SOURCE
> Task :react-native-pager-view:generateReleaseBuildConfig UP-TO-DATE
> Task :react-native-pager-view:parseReleaseLocalResources UP-TO-DATE
> Task :react-native-pager-view:generateReleaseRFile UP-TO-DATE
> Task :react-native-pager-view:compileReleaseKotlin UP-TO-DATE
> Task :react-native-pager-view:javaPreCompileRelease UP-TO-DATE
> Task :react-native-pager-view:compileReleaseJavaWithJavac UP-TO-DATE
> Task :react-native-pager-view:bundleLibRuntimeToJarRelease UP-TO-DATE
> Task :react-native-safe-area-context:compileReleaseAidl NO-SOURCE
> Task :react-native-safe-area-context:generateReleaseBuildConfig UP-TO-DATE
> Task :react-native-safe-area-context:parseReleaseLocalResources UP-TO-DATE
> Task :react-native-safe-area-context:generateReleaseRFile UP-TO-DATE
> Task :react-native-safe-area-context:compileReleaseKotlin UP-TO-DATE
> Task :react-native-safe-area-context:javaPreCompileRelease UP-TO-DATE
> Task :react-native-safe-area-context:compileReleaseJavaWithJavac UP-TO-DATE
> Task :react-native-safe-area-context:bundleLibRuntimeToJarRelease UP-TO-DATE
> Task :react-native-screens:compileReleaseAidl NO-SOURCE
> Task :react-native-screens:generateReleaseBuildConfig UP-TO-DATE
> Task :react-native-screens:parseReleaseLocalResources UP-TO-DATE
> Task :react-native-screens:generateReleaseRFile UP-TO-DATE
> Task :react-native-screens:compileReleaseKotlin UP-TO-DATE
> Task :react-native-screens:javaPreCompileRelease UP-TO-DATE
> Task :react-native-screens:compileReleaseJavaWithJavac UP-TO-DATE
> Task :react-native-screens:bundleLibRuntimeToJarRelease UP-TO-DATE
> Task :react-native-video:compileReleaseAidl NO-SOURCE
> Task :react-native-video:generateReleaseBuildConfig UP-TO-DATE
> Task :react-native-video:parseReleaseLocalResources UP-TO-DATE
> Task :react-native-video:generateReleaseRFile UP-TO-DATE
> Task :react-native-video:javaPreCompileRelease UP-TO-DATE
> Task :react-native-video:compileReleaseJavaWithJavac UP-TO-DATE
> Task :react-native-video:bundleLibRuntimeToJarRelease UP-TO-DATE
> Task :app:checkReleaseDuplicateClasses UP-TO-DATE
> Task :app:compileReleaseAidl NO-SOURCE
> Task :app:generateReleaseBuildConfig UP-TO-DATE
> Task :app:javaPreCompileRelease UP-TO-DATE
> Task :react-native-async-storage_async-storage:writeReleaseAarMetadata UP-TO-DATE
> Task :react-native-image-picker:writeReleaseAarMetadata UP-TO-DATE
> Task :react-native-pager-view:writeReleaseAarMetadata UP-TO-DATE
> Task :react-native-safe-area-context:writeReleaseAarMetadata UP-TO-DATE
> Task :react-native-screens:writeReleaseAarMetadata UP-TO-DATE
> Task :react-native-splash-screen:writeReleaseAarMetadata UP-TO-DATE
> Task :react-native-video:writeReleaseAarMetadata UP-TO-DATE
> Task :app:checkReleaseAarMetadata UP-TO-DATE
> Task :app:processReleaseManifestForPackage UP-TO-DATE
> Task :app:processReleaseResources UP-TO-DATE
> Task :react-native-async-storage_async-storage:bundleLibCompileToJarRelease UP-TO-DATE
> Task :react-native-image-picker:bundleLibCompileToJarRelease UP-TO-DATE
> Task :react-native-pager-view:bundleLibCompileToJarRelease UP-TO-DATE
> Task :react-native-safe-area-context:bundleLibCompileToJarRelease UP-TO-DATE
> Task :react-native-screens:bundleLibCompileToJarRelease UP-TO-DATE
> Task :react-native-splash-screen:bundleLibCompileToJarRelease UP-TO-DATE
> Task :react-native-video:bundleLibCompileToJarRelease UP-TO-DATE
> Task :app:compileReleaseJavaWithJavac UP-TO-DATE
> Task :app:dexBuilderRelease UP-TO-DATE
> Task :app:desugarReleaseFileDependencies UP-TO-DATE
> Task :app:mergeExtDexRelease UP-TO-DATE
> Task :app:mergeDexRelease UP-TO-DATE
> Task :app:mergeReleaseShaders UP-TO-DATE
> Task :app:compileReleaseShaders NO-SOURCE
> Task :app:copyReactNativeVectorIconFonts UP-TO-DATE
> Task :app:generateReleaseAssets UP-TO-DATE
> Task :react-native-async-storage_async-storage:mergeReleaseShaders UP-TO-DATE
> Task :react-native-async-storage_async-storage:compileReleaseShaders NO-SOURCE
> Task :react-native-async-storage_async-storage:generateReleaseAssets UP-TO-DATE
> Task :react-native-async-storage_async-storage:packageReleaseAssets UP-TO-DATE
> Task :react-native-image-picker:mergeReleaseShaders UP-TO-DATE
> Task :react-native-image-picker:compileReleaseShaders NO-SOURCE
> Task :react-native-image-picker:generateReleaseAssets UP-TO-DATE
> Task :react-native-image-picker:packageReleaseAssets UP-TO-DATE
> Task :react-native-pager-view:mergeReleaseShaders UP-TO-DATE
> Task :react-native-pager-view:compileReleaseShaders NO-SOURCE
> Task :react-native-pager-view:generateReleaseAssets UP-TO-DATE
> Task :react-native-pager-view:packageReleaseAssets UP-TO-DATE
> Task :react-native-safe-area-context:mergeReleaseShaders UP-TO-DATE
> Task :react-native-safe-area-context:compileReleaseShaders NO-SOURCE
> Task :react-native-safe-area-context:generateReleaseAssets UP-TO-DATE
> Task :react-native-safe-area-context:packageReleaseAssets UP-TO-DATE
> Task :react-native-screens:mergeReleaseShaders UP-TO-DATE
> Task :react-native-screens:compileReleaseShaders NO-SOURCE
> Task :react-native-screens:generateReleaseAssets UP-TO-DATE
> Task :react-native-screens:packageReleaseAssets UP-TO-DATE
> Task :react-native-splash-screen:mergeReleaseShaders UP-TO-DATE
> Task :react-native-splash-screen:compileReleaseShaders NO-SOURCE
> Task :react-native-splash-screen:generateReleaseAssets UP-TO-DATE
> Task :react-native-splash-screen:packageReleaseAssets UP-TO-DATE
> Task :react-native-video:mergeReleaseShaders UP-TO-DATE
> Task :react-native-video:compileReleaseShaders NO-SOURCE
> Task :react-native-video:generateReleaseAssets UP-TO-DATE
> Task :react-native-video:packageReleaseAssets UP-TO-DATE
> Task :app:mergeReleaseAssets UP-TO-DATE
> Task :app:processReleaseJavaRes NO-SOURCE
> Task :react-native-async-storage_async-storage:processReleaseJavaRes NO-SOURCE
> Task :react-native-async-storage_async-storage:bundleLibResRelease NO-SOURCE
> Task :react-native-image-picker:processReleaseJavaRes NO-SOURCE
> Task :react-native-image-picker:bundleLibResRelease NO-SOURCE
> Task :react-native-pager-view:processReleaseJavaRes NO-SOURCE
> Task :react-native-pager-view:bundleLibResRelease UP-TO-DATE
> Task :react-native-safe-area-context:processReleaseJavaRes NO-SOURCE
> Task :react-native-safe-area-context:bundleLibResRelease UP-TO-DATE
> Task :react-native-screens:processReleaseJavaRes NO-SOURCE
> Task :react-native-screens:bundleLibResRelease UP-TO-DATE
> Task :react-native-splash-screen:processReleaseJavaRes NO-SOURCE
> Task :react-native-splash-screen:bundleLibResRelease NO-SOURCE
> Task :react-native-video:processReleaseJavaRes NO-SOURCE
> Task :react-native-video:bundleLibResRelease NO-SOURCE
> Task :app:mergeReleaseJavaResource UP-TO-DATE
> Task :app:mergeReleaseJniLibFolders UP-TO-DATE
> Task :react-native-async-storage_async-storage:mergeReleaseJniLibFolders UP-TO-DATE
> Task :react-native-async-storage_async-storage:mergeReleaseNativeLibs NO-SOURCE
> Task :react-native-async-storage_async-storage:copyReleaseJniLibsProjectOnly UP-TO-DATE
> Task :react-native-image-picker:mergeReleaseJniLibFolders UP-TO-DATE
> Task :react-native-image-picker:mergeReleaseNativeLibs NO-SOURCE
> Task :react-native-image-picker:copyReleaseJniLibsProjectOnly UP-TO-DATE
> Task :react-native-pager-view:mergeReleaseJniLibFolders UP-TO-DATE
> Task :react-native-pager-view:mergeReleaseNativeLibs NO-SOURCE
> Task :react-native-pager-view:copyReleaseJniLibsProjectOnly UP-TO-DATE
> Task :react-native-safe-area-context:mergeReleaseJniLibFolders UP-TO-DATE
> Task :react-native-safe-area-context:mergeReleaseNativeLibs NO-SOURCE
> Task :react-native-safe-area-context:copyReleaseJniLibsProjectOnly UP-TO-DATE
> Task :react-native-screens:mergeReleaseJniLibFolders UP-TO-DATE
> Task :react-native-screens:mergeReleaseNativeLibs NO-SOURCE
> Task :react-native-screens:copyReleaseJniLibsProjectOnly UP-TO-DATE
> Task :react-native-splash-screen:mergeReleaseJniLibFolders UP-TO-DATE
> Task :react-native-splash-screen:mergeReleaseNativeLibs NO-SOURCE
> Task :react-native-splash-screen:copyReleaseJniLibsProjectOnly UP-TO-DATE
> Task :react-native-video:mergeReleaseJniLibFolders UP-TO-DATE
> Task :react-native-video:mergeReleaseNativeLibs NO-SOURCE
> Task :react-native-video:copyReleaseJniLibsProjectOnly UP-TO-DATE
> Task :app:mergeReleaseNativeLibs UP-TO-DATE
> Task :app:stripReleaseDebugSymbols UP-TO-DATE
> Task :app:writeReleaseAppMetadata UP-TO-DATE
> Task :app:buildReleasePreBundle UP-TO-DATE
> Task :react-native-async-storage_async-storage:prepareReleaseArtProfile UP-TO-DATE
> Task :react-native-image-picker:prepareReleaseArtProfile UP-TO-DATE
> Task :react-native-pager-view:prepareReleaseArtProfile UP-TO-DATE
> Task :react-native-safe-area-context:prepareReleaseArtProfile UP-TO-DATE
> Task :react-native-screens:prepareReleaseArtProfile UP-TO-DATE
> Task :react-native-splash-screen:prepareReleaseArtProfile UP-TO-DATE
> Task :react-native-video:prepareReleaseArtProfile UP-TO-DATE
> Task :app:mergeReleaseArtProfile UP-TO-DATE
> Task :app:compileReleaseArtProfile UP-TO-DATE
> Task :app:collectReleaseDependencies UP-TO-DATE
> Task :app:configureReleaseDependencies UP-TO-DATE
> Task :app:extractReleaseNativeSymbolTables UP-TO-DATE
> Task :app:parseReleaseIntegrityConfig UP-TO-DATE
> Task :app:packageReleaseBundle UP-TO-DATE
> Task :app:writeReleaseApplicationId UP-TO-DATE
> Task :app:analyticsRecordingRelease
> Task :app:validateSigningRelease UP-TO-DATE
> Task :app:signReleaseBundle UP-TO-DATE
> Task :app:produceReleaseBundleIdeListingFile UP-TO-DATE
> Task :app:createReleaseBundleListingFileRedirect UP-TO-DATE
> Task :app:bundleRelease UP-TO-DATE

Deprecated Gradle features were used in this build, making it incompatible with Gradle 9.0.

You can use '--warning-mode all' to show the individual deprecation warnings and determine if they come from your own scripts or plugins.

See https://docs.gradle.org/8.0.1/userguide/command_line_interface.html#sec:command_line_warnings

BUILD SUCCESSFUL in 21s
181 actionable tasks: 2 executed, 179 up-to-date
